2026-04-17 09:55:30 [INFO] [OK] MySQL database initialized successfully
2026-04-17 09:55:31 [INFO] Starting server on port 5000 (production: False)
2026-04-17 09:55:41 [INFO] [OK] MySQL database initialized successfully
2026-04-17 09:55:42 [INFO] Starting server on port 5000 (production: False)
2026-04-17 09:56:53 [INFO] [OK] MySQL database initialized successfully
2026-04-17 09:56:54 [INFO] Starting server on port 5000 (production: False)
2026-04-17 09:57:06 [INFO] [OK] MySQL database initialized successfully
2026-04-17 09:57:07 [INFO] Starting server on port 5000 (production: False)
2026-04-17 09:58:06 [INFO] User logged in: admin (Super Administrateur)
2026-04-17 09:58:12 [INFO] Executing history query for user: admin, page: 0, limit: 10
2026-04-17 09:58:13 [INFO] Executing history query for user: admin, page: 0, limit: 10
2026-04-17 09:58:13 [INFO] History retrieval successful: 3 records
2026-04-17 09:58:13 [INFO] History retrieval successful: 3 records
2026-04-17 09:58:30 [INFO] Executing history query for user: admin, page: 0, limit: 10
2026-04-17 09:58:30 [INFO] History retrieval successful: 0 records
2026-04-17 09:58:41 [INFO] Executing history query for user: admin, page: 0, limit: 10
2026-04-17 09:58:41 [INFO] History retrieval successful: 3 records
2026-04-17 09:59:35 [INFO] User logged in: info (Administrateur Technique)
2026-04-17 09:59:38 [INFO] Executing history query for user: info, page: 0, limit: 10
2026-04-17 09:59:39 [INFO] History retrieval successful: 3 records
2026-04-17 09:59:40 [INFO] Executing history query for user: info, page: 0, limit: 10
2026-04-17 09:59:40 [INFO] History retrieval successful: 3 records
2026-04-17 10:01:14 [INFO] Executing history query for user: info, page: 0, limit: 10
2026-04-17 10:01:14 [INFO] History retrieval successful: 3 records
2026-04-17 10:01:15 [INFO] Executing history query for user: info, page: 0, limit: 10
2026-04-17 10:01:15 [INFO] History retrieval successful: 3 records
2026-04-17 10:06:51 [INFO] User logged in: 480442t (Vérificateur)
2026-04-17 10:06:55 [INFO] Executing history query for user: 480442t, page: 0, limit: 10
2026-04-17 10:06:55 [INFO] Executing history query for user: 480442t, page: 0, limit: 10
2026-04-17 10:06:55 [INFO] History retrieval successful: 1 records
2026-04-17 10:06:55 [INFO] History retrieval successful: 1 records
2026-04-17 10:07:43 [INFO] Executing command: C:\Users\HP 820 G3\Desktop\DOUANES CI\CONVOCATION\.venv\Scripts\python.exe convocation_mysql.py --num_convoc 0002 --cc... for user 480442t
2026-04-17 10:08:27 [INFO] Generation process returncode: 0
2026-04-17 10:08:27 [INFO] Generation stdout: OK : output\Convocation_TR_2026_0002.pdf

2026-04-17 10:08:27 [WARNING] Generation stderr: INFO:root:Successfully converted with LibreOffice: output\Convocation_TR_2026_0002.pdf
INFO:root:PDF generated: output\Convocation_TR_2026_0002.pdf
INFO:root:DOCX removed: output\Convocation_TR_2026_0002.docx

2026-04-17 10:08:27 [INFO] Generated 1 file(s): ['Convocation_TR_2026_0002.pdf']
2026-04-17 10:08:29 [INFO] PDF generated: 1 file(s) for user 480442t
2026-04-17 10:11:06 [INFO] User logged in: 480442t (Vérificateur)
2026-04-17 10:12:00 [INFO] Executing command: C:\Users\HP 820 G3\Desktop\DOUANES CI\CONVOCATION\.venv\Scripts\python.exe convocation_mysql.py --num_convoc 0003 --cc... for user 480442t
2026-04-17 10:12:18 [INFO] Generation process returncode: 0
2026-04-17 10:12:18 [INFO] Generation stdout: OK : output\Convocation_TR_2026_0003.pdf

2026-04-17 10:12:18 [WARNING] Generation stderr: INFO:root:Successfully converted with LibreOffice: output\Convocation_TR_2026_0003.pdf
INFO:root:PDF generated: output\Convocation_TR_2026_0003.pdf
INFO:root:DOCX removed: output\Convocation_TR_2026_0003.docx

2026-04-17 10:12:18 [INFO] Generated 1 file(s): ['Convocation_TR_2026_0003.pdf']
2026-04-17 10:12:20 [INFO] PDF generated: 1 file(s) for user 480442t
2026-04-17 10:13:05 [INFO] User logged in: info (Administrateur Technique)
2026-04-17 10:13:13 [INFO] Executing history query for user: info, page: 0, limit: 10
2026-04-17 10:13:13 [INFO] History retrieval successful: 5 records
2026-04-17 10:13:13 [INFO] Executing history query for user: info, page: 0, limit: 10
2026-04-17 10:13:13 [INFO] History retrieval successful: 5 records
2026-04-17 10:13:43 [INFO] History entry 58 deleted by info (Admin Technique)
2026-04-17 10:13:50 [INFO] History entry 57 deleted by info (Admin Technique)
2026-04-17 10:24:57 [INFO] [OK] MySQL database initialized successfully
2026-04-17 10:24:58 [INFO] Starting server on port 5000 (production: False)
2026-04-17 10:26:42 [INFO] [OK] MySQL database initialized successfully
2026-04-17 10:26:43 [INFO] Starting server on port 5000 (production: False)
2026-04-17 10:26:50 [INFO] [OK] MySQL database initialized successfully
2026-04-17 10:26:51 [INFO] Starting server on port 5000 (production: False)
2026-04-17 10:27:13 [INFO] User logged in: admin (Super Administrateur)
2026-04-17 10:27:18 [INFO] Executing history query for user: admin, page: 0, limit: 10
2026-04-17 10:27:18 [INFO] History retrieval successful: 3 records
2026-04-17 10:27:18 [INFO] Executing history query for user: admin, page: 0, limit: 10
2026-04-17 10:27:18 [INFO] History retrieval successful: 3 records
2026-04-17 10:27:43 [INFO] User logged in: 480442t (Vérificateur)
2026-04-17 10:27:45 [INFO] Executing history query for user: 480442t, page: 0, limit: 10
2026-04-17 10:27:46 [INFO] History retrieval successful: 1 records
2026-04-17 10:27:46 [INFO] Executing history query for user: 480442t, page: 0, limit: 10
2026-04-17 10:27:46 [INFO] History retrieval successful: 1 records
2026-04-17 10:28:21 [INFO] Executing command: C:\Users\HP 820 G3\Desktop\DOUANES CI\CONVOCATION\.venv\Scripts\python.exe convocation_mysql.py --num_convoc 0002 --cc... for user 480442t
2026-04-17 10:29:21 [ERROR] PDF generation timeout
2026-04-17 10:30:40 [INFO] [OK] MySQL database initialized successfully
2026-04-17 10:30:41 [INFO] Starting server on port 5000 (production: False)
2026-04-17 10:32:26 [INFO] User logged in: 480442t (Vérificateur)
2026-04-17 10:33:09 [INFO] Executing command: C:\Users\HP 820 G3\Desktop\DOUANES CI\CONVOCATION\.venv\Scripts\python.exe convocation_mysql.py --num_convoc 0002 --cc... for user 480442t
2026-04-17 10:33:43 [INFO] Generation process returncode: 0
2026-04-17 10:33:43 [INFO] Generation stdout: OK : output\Convocation_TR_2026_0002.pdf

2026-04-17 10:33:43 [WARNING] Generation stderr: INFO:root:[PDF] Converting output\Convocation_TR_2026_0002.docx \u2192 output\Convocation_TR_2026_0002.pdf
INFO:root:[PDF\u2713] LibreOffice found: C:\Program Files\LibreOffice\program\soffice.exe
WARNING:root:[PDF\u2717] LO failed (code 1): 
INFO:root:[PDF\u2713] Word success: output\Convocation_TR_2026_0002.pdf
INFO:root:PDF generated: output\Convocation_TR_2026_0002.pdf
INFO:root:DOCX removed: output\Convocation_TR_2026_0002.docx

2026-04-17 10:33:43 [INFO] Generated 1 file(s): ['Convocation_TR_2026_0002.pdf']
2026-04-17 10:33:44 [INFO] PDF generated: 1 file(s) for user 480442t
2026-04-20 09:58:41 [INFO] [OK] MySQL database initialized successfully
2026-04-20 09:58:42 [INFO] Starting server on port 5000 (production: False)
2026-04-20 09:58:54 [INFO] [OK] MySQL database initialized successfully
2026-04-20 09:58:55 [INFO] Starting server on port 5000 (production: False)
2026-04-20 09:59:59 [INFO] User logged in: admin (Super Administrateur)
2026-04-20 10:00:05 [INFO] Executing history query for user: admin, page: 0, limit: 10
2026-04-20 10:00:05 [INFO] Executing history query for user: admin, page: 0, limit: 10
2026-04-20 10:00:05 [INFO] History retrieval successful: 4 records
2026-04-20 10:00:06 [INFO] History retrieval successful: 4 records
2026-04-20 16:37:11 [INFO] [OK] MySQL database initialized successfully
2026-04-20 16:37:13 [INFO] Starting server on port 5000 (production: False)
2026-04-20 16:37:24 [INFO] [OK] MySQL database initialized successfully
2026-04-20 16:37:25 [INFO] Starting server on port 5000 (production: False)
2026-04-20 16:39:42 [INFO] User logged in: admin (Super Administrateur)
2026-04-20 16:39:48 [INFO] Executing history query for user: admin, page: 0, limit: 10
2026-04-20 16:39:49 [INFO] History retrieval successful: 4 records
2026-04-20 16:39:49 [INFO] Executing history query for user: admin, page: 0, limit: 10
2026-04-20 16:39:49 [INFO] History retrieval successful: 4 records
2026-04-20 16:40:25 [INFO] User logged in: info (Administrateur Technique)
2026-04-20 16:40:29 [INFO] Executing history query for user: info, page: 0, limit: 10
2026-04-20 16:40:29 [INFO] History retrieval successful: 4 records
2026-04-20 16:40:29 [INFO] Executing history query for user: info, page: 0, limit: 10
2026-04-20 16:40:30 [INFO] History retrieval successful: 4 records
2026-04-20 16:41:35 [INFO] User logged in: 398954D (Administrateur)
2026-04-20 16:51:41 [INFO] Executing history query for user: 398954D, page: 0, limit: 10
2026-04-20 16:51:41 [INFO] Executing history query for user: 398954D, page: 0, limit: 10
2026-04-20 16:51:41 [INFO] History retrieval successful: 3 records
2026-04-20 16:51:41 [INFO] History retrieval successful: 3 records
2026-04-20 16:52:20 [INFO] User logged in: info (Administrateur Technique)
2026-04-20 16:52:23 [INFO] Executing history query for user: info, page: 0, limit: 10
2026-04-20 16:52:24 [INFO] History retrieval successful: 4 records
2026-04-20 16:52:24 [INFO] Executing history query for user: info, page: 0, limit: 10
2026-04-20 16:52:24 [INFO] History retrieval successful: 4 records
2026-04-20 16:52:52 [INFO] User logged in: 480442t (Vérificateur)
2026-04-20 16:52:58 [INFO] Executing history query for user: 480442t, page: 0, limit: 10
2026-04-20 16:52:59 [INFO] Executing history query for user: 480442t, page: 0, limit: 10
2026-04-20 16:52:59 [INFO] History retrieval successful: 2 records
2026-04-20 16:53:00 [INFO] History retrieval successful: 2 records
2026-04-20 16:53:52 [INFO] Executing command: C:\Users\HP 820 G3\Desktop\DOUANES CI\CONVOCATION\.venv\Scripts\python.exe convocation_mysql.py --num_convoc 0003 --cc... for user 480442t
2026-04-20 16:54:24 [INFO] Generation process returncode: 0
2026-04-20 16:54:24 [INFO] Generation stdout: OK : output\Convocation_TR_2026_0003.pdf

2026-04-20 16:54:24 [WARNING] Generation stderr: INFO:root:[PDF] Converting output\Convocation_TR_2026_0003.docx \u2192 output\Convocation_TR_2026_0003.pdf
INFO:root:[PDF\u2713] LibreOffice found: C:\Program Files\LibreOffice\program\soffice.exe
WARNING:root:[PDF\u2717] LO failed (code 1): 
INFO:root:[PDF\u2713] Word success: output\Convocation_TR_2026_0003.pdf
INFO:root:PDF generated: output\Convocation_TR_2026_0003.pdf
INFO:root:DOCX removed: output\Convocation_TR_2026_0003.docx

2026-04-20 16:54:24 [INFO] Generated 1 file(s): ['Convocation_TR_2026_0003.pdf']
2026-04-20 16:54:25 [INFO] PDF generated: 1 file(s) for user 480442t
2026-04-20 16:55:10 [INFO] Executing history query for user: 480442t, page: 0, limit: 10
2026-04-20 16:55:10 [INFO] History retrieval successful: 3 records
2026-04-20 16:55:10 [INFO] Executing history query for user: 480442t, page: 0, limit: 10
2026-04-20 16:55:11 [INFO] History retrieval successful: 3 records
2026-04-20 16:55:39 [INFO] User logged in: info (Administrateur Technique)
2026-04-20 16:55:43 [INFO] Executing history query for user: info, page: 0, limit: 10
2026-04-20 16:55:43 [INFO] History retrieval successful: 5 records
2026-04-20 16:55:43 [INFO] Executing history query for user: info, page: 0, limit: 10
2026-04-20 16:55:44 [INFO] History retrieval successful: 5 records
2026-04-20 16:56:05 [INFO] User logged in: 398954D (Administrateur)
2026-04-20 16:56:13 [INFO] Executing history query for user: 398954D, page: 0, limit: 10
2026-04-20 16:56:13 [INFO] History retrieval successful: 4 records
2026-04-20 16:56:13 [INFO] Executing history query for user: 398954D, page: 0, limit: 10
2026-04-20 16:56:13 [INFO] History retrieval successful: 4 records
2026-04-20 16:56:28 [INFO] Convocation 60 approved by COULIBALY KARIM
2026-04-20 16:56:50 [INFO] User logged in: info (Administrateur Technique)
2026-04-20 16:56:53 [INFO] Executing history query for user: info, page: 0, limit: 10
2026-04-20 16:56:53 [INFO] History retrieval successful: 5 records
2026-04-20 16:56:54 [INFO] Executing history query for user: info, page: 0, limit: 10
2026-04-20 16:56:54 [INFO] History retrieval successful: 5 records
2026-04-20 16:57:55 [INFO] User logged in: 480442t (Vérificateur)
2026-04-20 16:58:04 [INFO] Executing history query for user: 480442t, page: 0, limit: 10
2026-04-20 16:58:05 [INFO] History retrieval successful: 3 records
2026-04-20 16:58:05 [INFO] Executing history query for user: 480442t, page: 0, limit: 10
2026-04-20 16:58:05 [INFO] History retrieval successful: 3 records
2026-04-20 17:00:20 [INFO] User logged in: 398954D (Administrateur)
2026-04-20 17:00:23 [INFO] Executing history query for user: 398954D, page: 0, limit: 10
2026-04-20 17:00:23 [INFO] History retrieval successful: 4 records
2026-04-20 17:00:24 [INFO] Executing history query for user: 398954D, page: 0, limit: 10
2026-04-20 17:00:24 [INFO] History retrieval successful: 4 records
2026-04-20 17:10:44 [INFO] [OK] MySQL database initialized successfully
2026-04-20 17:10:44 [INFO] Starting server on port 5000 (production: False)
2026-04-20 17:12:56 [INFO] [OK] MySQL database initialized successfully
2026-04-20 17:12:57 [INFO] Starting server on port 5000 (production: False)
2026-04-20 17:13:09 [INFO] [OK] MySQL database initialized successfully
2026-04-20 17:13:09 [INFO] Starting server on port 5000 (production: False)
2026-04-20 17:13:29 [INFO] User logged in: 398954D (Administrateur)
2026-04-20 17:13:34 [INFO] Executing history query for user: 398954D, page: 0, limit: 10
2026-04-20 17:13:34 [INFO] History retrieval successful: 4 records
2026-04-20 17:13:34 [INFO] Executing history query for user: 398954D, page: 0, limit: 10
2026-04-20 17:13:35 [INFO] History retrieval successful: 4 records
2026-04-20 17:14:22 [INFO] User logged in: 480442t (Vérificateur)
2026-04-20 17:14:26 [INFO] Executing history query for user: 480442t, page: 0, limit: 10
2026-04-20 17:14:26 [INFO] History retrieval successful: 3 records
2026-04-20 17:14:26 [INFO] Executing history query for user: 480442t, page: 0, limit: 10
2026-04-20 17:14:26 [INFO] History retrieval successful: 3 records
2026-04-20 17:14:57 [INFO] User logged in: admin (Super Administrateur)
2026-04-20 17:15:01 [INFO] Executing history query for user: admin, page: 0, limit: 10
2026-04-20 17:15:01 [INFO] History retrieval successful: 5 records
2026-04-20 17:15:01 [INFO] Executing history query for user: admin, page: 0, limit: 10
2026-04-20 17:15:01 [INFO] History retrieval successful: 5 records
2026-04-20 17:15:36 [INFO] User logged in: info (Administrateur Technique)
2026-04-20 17:15:39 [INFO] Executing history query for user: info, page: 0, limit: 10
2026-04-20 17:15:40 [INFO] History retrieval successful: 5 records
2026-04-20 17:15:40 [INFO] Executing history query for user: info, page: 0, limit: 10
2026-04-20 17:15:40 [INFO] History retrieval successful: 5 records
2026-04-20 17:19:03 [INFO] [OK] MySQL database initialized successfully
2026-04-20 17:19:04 [INFO] Starting server on port 5000 (production: False)
2026-04-20 17:20:11 [INFO] User logged in: 398954D (Administrateur)
2026-04-20 17:20:21 [INFO] Executing history query for user: 398954D, page: 0, limit: 10
2026-04-20 17:20:21 [INFO] History retrieval successful: 4 records
2026-04-20 17:20:22 [INFO] Executing history query for user: 398954D, page: 0, limit: 10
2026-04-20 17:20:22 [INFO] History retrieval successful: 4 records
2026-04-20 17:21:45 [INFO] User logged in: 480442t (Vérificateur)
2026-04-20 17:22:23 [INFO] Executing command: C:\Users\HP 820 G3\Desktop\DOUANES CI\CONVOCATION\.venv\Scripts\python.exe convocation_mysql.py --num_convoc 0004 --cc... for user 480442t
2026-04-20 17:22:44 [INFO] Generation process returncode: 0
2026-04-20 17:22:44 [INFO] Generation stdout: OK : output\Convocation_TR_2026_0004.pdf

2026-04-20 17:22:44 [WARNING] Generation stderr: INFO:root:[PDF] Converting output\Convocation_TR_2026_0004.docx \u2192 output\Convocation_TR_2026_0004.pdf
INFO:root:[PDF\u2713] LibreOffice found: C:\Program Files\LibreOffice\program\soffice.exe
WARNING:root:[PDF\u2717] LO failed (code 1): 
INFO:root:[PDF\u2713] Word success: output\Convocation_TR_2026_0004.pdf
INFO:root:PDF generated: output\Convocation_TR_2026_0004.pdf
INFO:root:DOCX removed: output\Convocation_TR_2026_0004.docx

2026-04-20 17:22:44 [INFO] Generated 1 file(s): ['Convocation_TR_2026_0004.pdf']
2026-04-20 17:22:46 [INFO] PDF generated: 1 file(s) for user 480442t
2026-04-20 17:28:35 [INFO] [OK] MySQL database initialized successfully
2026-04-20 17:28:36 [INFO] Starting server on port 5000 (production: False)
2026-04-20 17:28:48 [INFO] [OK] MySQL database initialized successfully
2026-04-20 17:28:49 [INFO] Starting server on port 5000 (production: False)
2026-04-20 17:29:09 [INFO] User logged in: info (Administrateur Technique)
2026-04-20 17:29:57 [INFO] User logged in: 480442t (Vérificateur)
2026-04-20 17:30:34 [INFO] Executing command: C:\Users\HP 820 G3\Desktop\DOUANES CI\CONVOCATION\.venv\Scripts\python.exe convocation_mysql.py --num_convoc 0005 --cc... for user 480442t
2026-04-20 17:32:24 [INFO] Generation process returncode: 0
2026-04-20 17:32:24 [INFO] Generation stdout: OK : output\Convocation_TR_2026_0005.pdf

2026-04-20 17:32:24 [WARNING] Generation stderr: INFO:root:[PDF] Converting output\Convocation_TR_2026_0005.docx \u2192 output\Convocation_TR_2026_0005.pdf
INFO:root:[PDF\u2713] LibreOffice found: C:\Program Files\LibreOffice\program\soffice.exe
ERROR:root:[PDF\u2717] LibreOffice timeout (90s)
INFO:root:[PDF\u2713] Word success: output\Convocation_TR_2026_0005.pdf
INFO:root:PDF generated: output\Convocation_TR_2026_0005.pdf
INFO:root:DOCX removed: output\Convocation_TR_2026_0005.docx

2026-04-20 17:32:24 [INFO] Generated 1 file(s): ['Convocation_TR_2026_0005.pdf']
2026-04-20 17:32:26 [INFO] PDF generated: 1 file(s) for user 480442t
2026-04-20 17:32:47 [INFO] Executing history query for user: 480442t, page: 0, limit: 10
2026-04-20 17:32:47 [INFO] Executing history query for user: 480442t, page: 0, limit: 10
2026-04-20 17:32:47 [INFO] History retrieval successful: 5 records
2026-04-20 17:32:48 [INFO] History retrieval successful: 5 records
2026-04-20 17:33:19 [INFO] User logged in: 398954D (Administrateur)
2026-04-20 17:33:22 [INFO] Executing history query for user: 398954D, page: 0, limit: 10
2026-04-20 17:33:22 [INFO] History retrieval successful: 6 records
2026-04-20 17:33:23 [INFO] Executing history query for user: 398954D, page: 0, limit: 10
2026-04-20 17:33:23 [INFO] History retrieval successful: 6 records
2026-04-20 17:33:44 [INFO] Convocation 62 approved by COULIBALY KARIM
2026-04-20 17:34:25 [INFO] User logged in: 480442t (Vérificateur)
2026-04-20 17:34:27 [INFO] Executing history query for user: 480442t, page: 0, limit: 10
2026-04-20 17:34:28 [INFO] History retrieval successful: 5 records
2026-04-20 17:34:28 [INFO] Executing history query for user: 480442t, page: 0, limit: 10
2026-04-20 17:34:29 [INFO] History retrieval successful: 5 records
2026-04-20 17:41:25 [INFO] Executing history query for user: 480442t, page: 0, limit: 10
2026-04-20 17:41:25 [INFO] History retrieval successful: 5 records
2026-04-20 17:41:25 [INFO] Executing history query for user: 480442t, page: 0, limit: 10
2026-04-20 17:41:26 [INFO] History retrieval successful: 5 records
2026-04-20 22:40:32 [INFO] [OK] MySQL database initialized successfully
2026-04-20 22:40:33 [INFO] Starting server on port 5000 (production: False)
2026-04-20 22:40:42 [INFO] [OK] MySQL database initialized successfully
2026-04-20 22:40:43 [INFO] Starting server on port 5000 (production: False)
2026-04-20 22:41:01 [INFO] User logged in: 480442t (Vérificateur)
2026-04-20 22:41:09 [INFO] Executing history query for user: 480442t, page: 0, limit: 10
2026-04-20 22:41:10 [INFO] History retrieval successful: 5 records
2026-04-20 22:41:10 [INFO] Executing history query for user: 480442t, page: 0, limit: 10
2026-04-20 22:41:10 [INFO] History retrieval successful: 5 records
2026-04-20 23:49:49 [INFO] [OK] MySQL database initialized successfully
2026-04-20 23:49:49 [INFO] Starting server on port 5000 (production: False)
2026-04-20 23:49:58 [INFO] [OK] MySQL database initialized successfully
2026-04-20 23:49:59 [INFO] Starting server on port 5000 (production: False)
2026-04-20 23:50:08 [INFO] User logged in: admin (Super Administrateur)
2026-04-20 23:50:28 [INFO] User logged in: 480442t (Vérificateur)
2026-04-20 23:50:33 [INFO] Executing history query for user: 480442t, page: 0, limit: 10
2026-04-20 23:50:33 [INFO] Executing history query for user: 480442t, page: 0, limit: 10
2026-04-20 23:50:33 [INFO] History retrieval successful: 5 records
2026-04-20 23:50:33 [INFO] History retrieval successful: 5 records
2026-04-20 23:50:44 [INFO] User logged in: info (Administrateur Technique)
2026-04-20 23:50:47 [INFO] Executing history query for user: info, page: 0, limit: 10
2026-04-20 23:50:47 [INFO] History retrieval successful: 7 records
2026-04-20 23:50:47 [INFO] Executing history query for user: info, page: 0, limit: 10
2026-04-20 23:50:48 [INFO] History retrieval successful: 7 records
2026-04-20 23:51:03 [INFO] History entry 62 deleted by info (Admin Technique)
2026-04-21 00:39:31 [INFO] User logged in: 480442t (Vérificateur)
2026-04-21 00:39:34 [INFO] Executing history query for user: 480442t, page: 0, limit: 10
2026-04-21 00:39:34 [INFO] History retrieval successful: 4 records
2026-04-21 00:39:34 [INFO] Executing history query for user: 480442t, page: 0, limit: 10
2026-04-21 00:39:35 [INFO] History retrieval successful: 4 records
2026-04-21 00:40:16 [INFO] Executing command: C:\Users\HP 820 G3\Desktop\DOUANES CI\CONVOCATION\.venv\Scripts\python.exe convocation_mysql.py --num_convoc 0005 --cc... for user 480442t
2026-04-21 00:40:23 [INFO] [OK] MySQL database initialized successfully
2026-04-21 00:40:24 [INFO] Starting server on port 5000 (production: False)
2026-04-21 00:43:49 [INFO] [OK] MySQL database initialized successfully
2026-04-21 00:43:49 [INFO] Starting server on port 5000 (production: False)
2026-04-21 00:44:14 [INFO] [OK] MySQL database initialized successfully
2026-04-21 00:44:14 [INFO] Starting server on port 5000 (production: False)
2026-04-21 00:44:49 [INFO] User logged in: 480442t (Vérificateur)
2026-04-21 00:45:34 [INFO] Executing command: C:\Users\HP 820 G3\Desktop\DOUANES CI\CONVOCATION\.venv\Scripts\python.exe convocation_mysql.py --num_convoc 0005 --cc... for user 480442t
2026-04-21 00:47:24 [INFO] Generation process returncode: 0
2026-04-21 00:47:24 [INFO] Generation stdout: OK : output\Convocation_TR_2026_0005.pdf

2026-04-21 00:47:24 [WARNING] Generation stderr: INFO:root:[PDF] Converting output\Convocation_TR_2026_0005.docx \u2192 output\Convocation_TR_2026_0005.pdf
INFO:root:[PDF\u2713] LibreOffice found: C:\Program Files\LibreOffice\program\soffice.exe
ERROR:root:[PDF\u2717] LibreOffice timeout (90s)
INFO:root:[PDF\u2713] Word success: output\Convocation_TR_2026_0005.pdf
INFO:root:PDF generated: output\Convocation_TR_2026_0005.pdf
INFO:root:DOCX removed: output\Convocation_TR_2026_0005.docx

2026-04-21 00:47:24 [INFO] Generated 1 file(s): ['Convocation_TR_2026_0005.pdf']
2026-04-21 00:47:25 [INFO] PDF generated: 1 file(s) for user 480442t
2026-04-21 00:48:18 [INFO] [OK] MySQL database initialized successfully
2026-04-21 00:48:19 [INFO] Starting server on port 5000 (production: False)
2026-04-22 16:18:31 [INFO] [OK] MySQL database initialized successfully
2026-04-22 16:18:32 [INFO] Starting server on port 5000 (production: False)
2026-04-22 16:18:40 [INFO] [OK] MySQL database initialized successfully
2026-04-22 16:18:41 [INFO] Starting server on port 5000 (production: False)
2026-04-22 16:19:49 [INFO] User logged in: admin (Super Administrateur)
2026-04-22 16:21:09 [INFO] User logged in: admin (Super Administrateur)
2026-04-22 16:21:14 [INFO] Executing history query for user: admin, page: 0, limit: 10
2026-04-22 16:21:14 [INFO] Executing history query for user: admin, page: 0, limit: 10
2026-04-22 16:21:14 [INFO] History retrieval successful: 7 records
2026-04-22 16:21:15 [INFO] History retrieval successful: 7 records
2026-04-22 16:43:14 [INFO] User logged in: info (Administrateur Technique)
2026-04-22 16:43:16 [INFO] Executing history query for user: info, page: 0, limit: 10
2026-04-22 16:43:17 [INFO] History retrieval successful: 7 records
2026-04-22 16:43:17 [INFO] Executing history query for user: info, page: 0, limit: 10
2026-04-22 16:43:17 [INFO] History retrieval successful: 7 records
2026-04-22 16:44:44 [INFO] User logged in: 480442t (Vérificateur)
2026-04-22 16:45:18 [INFO] Executing command: C:\Users\HP 820 G3\Desktop\DOUANES CI\CONVOCATION\.venv\Scripts\python.exe convocation_mysql.py --num_convoc 0006 --cc... for user 480442t
2026-04-22 16:46:15 [INFO] Generation process returncode: 0
2026-04-22 16:46:15 [INFO] Generation stdout: OK : output\Convocation_TR_2026_0006.pdf

2026-04-22 16:46:15 [WARNING] Generation stderr: INFO:root:[PDF] Converting output\Convocation_TR_2026_0006.docx \u2192 output\Convocation_TR_2026_0006.pdf
INFO:root:[PDF\u2713] LibreOffice found: C:\Program Files\LibreOffice\program\soffice.exe
WARNING:root:[PDF\u2717] LO failed (code 1): 
INFO:root:[PDF\u2713] Word success: output\Convocation_TR_2026_0006.pdf
INFO:root:PDF generated: output\Convocation_TR_2026_0006.pdf
INFO:root:DOCX removed: output\Convocation_TR_2026_0006.docx

2026-04-22 16:46:15 [INFO] Generated 1 file(s): ['Convocation_TR_2026_0006.pdf']
2026-04-22 16:46:17 [INFO] PDF generated: 1 file(s) for user 480442t
2026-04-23 09:45:50 [INFO] [OK] MySQL database initialized successfully
2026-04-23 09:45:51 [INFO] Starting server on port 5000 (production: False)
2026-04-23 09:46:01 [INFO] [OK] MySQL database initialized successfully
2026-04-23 09:46:02 [INFO] Starting server on port 5000 (production: False)
2026-04-23 09:46:20 [INFO] User logged in: info (Administrateur Technique)
2026-04-23 09:48:26 [INFO] User logged in: 480442t (Vérificateur)
2026-04-23 09:49:07 [INFO] Executing command: C:\Users\HP 820 G3\Desktop\DOUANES CI\CONVOCATION\.venv\Scripts\python.exe convocation_mysql.py --num_convoc 0007 --cc... for user 480442t
2026-04-23 09:49:17 [INFO] [OK] MySQL database initialized successfully
2026-04-23 09:49:18 [INFO] Starting server on port 5000 (production: False)
2026-04-23 10:00:06 [INFO] [OK] MySQL database initialized successfully
2026-04-23 10:00:07 [INFO] Starting server on port 5000 (production: False)
2026-04-23 10:01:48 [INFO] [OK] MySQL database initialized successfully
2026-04-23 10:01:49 [INFO] Starting server on port 5000 (production: False)
2026-04-23 10:02:11 [INFO] [OK] MySQL database initialized successfully
2026-04-23 10:02:12 [INFO] Starting server on port 5000 (production: False)
2026-04-23 10:17:59 [INFO] [OK] MySQL database initialized successfully
2026-04-23 10:18:00 [INFO] Starting server on port 5000 (production: False)
2026-04-23 10:53:59 [INFO] User logged in: 480442t (Vérificateur)
2026-04-23 10:55:27 [INFO] Executing command: C:\Users\HP 820 G3\Desktop\DOUANES CI\CONVOCATION\.venv\Scripts\python.exe convocation_mysql.py --num_convoc 0007 --cc... for user 480442t
2026-04-23 10:55:42 [INFO] Generation process returncode: 0
2026-04-23 10:55:42 [INFO] Generation stdout: OK : output\Convocation_TR_2026_0007.pdf

2026-04-23 10:55:42 [WARNING] Generation stderr: INFO:root:[PDF] Converting output\Convocation_TR_2026_0007.docx \u2192 output\Convocation_TR_2026_0007.pdf
INFO:root:[PDF\u2713] LibreOffice found: C:\Program Files\LibreOffice\program\soffice.exe
WARNING:root:[PDF\u2717] LO failed (code 1): Error: source file could not be loaded

INFO:root:[PDF\u2713] Word success: output\Convocation_TR_2026_0007.pdf
INFO:root:PDF generated: output\Convocation_TR_2026_0007.pdf
INFO:root:DOCX removed: output\Convocation_TR_2026_0007.docx

2026-04-23 10:55:42 [INFO] Generated 1 file(s): ['Convocation_TR_2026_0007.pdf']
2026-04-23 10:55:44 [INFO] PDF generated: 1 file(s) for user 480442t
2026-04-23 10:56:13 [INFO] User logged in: 398954D (Administrateur)
2026-04-23 10:56:20 [INFO] Executing history query for user: 398954D, page: 0, limit: 10
2026-04-23 10:56:21 [INFO] Executing history query for user: 398954D, page: 0, limit: 10
2026-04-23 10:56:21 [INFO] History retrieval successful: 8 records
2026-04-23 10:56:21 [INFO] History retrieval successful: 8 records
2026-04-23 10:56:40 [INFO] Convocation 65 approved by COULIBALY KARIM
2026-04-23 10:57:15 [INFO] User logged in: 480442t (Vérificateur)
2026-04-23 10:57:18 [INFO] Executing history query for user: 480442t, page: 0, limit: 10
2026-04-23 10:57:19 [INFO] History retrieval successful: 7 records
2026-04-23 10:57:19 [INFO] Executing history query for user: 480442t, page: 0, limit: 10
2026-04-23 10:57:19 [INFO] History retrieval successful: 7 records
2026-04-23 12:27:55 [INFO] [OK] MySQL database initialized successfully
2026-04-23 12:27:55 [INFO] Starting server on port 5000 (production: False)
2026-04-23 12:28:05 [INFO] [OK] MySQL database initialized successfully
2026-04-23 12:28:06 [INFO] Starting server on port 5000 (production: False)
2026-04-23 12:28:13 [INFO] Executing history query for user: 480442t, page: 0, limit: 10
2026-04-23 12:28:14 [INFO] History retrieval successful: 7 records
2026-04-23 12:28:14 [INFO] Executing history query for user: 480442t, page: 0, limit: 10
2026-04-23 12:28:14 [INFO] History retrieval successful: 7 records
2026-04-23 12:28:25 [INFO] User logged in: 480442t (Vérificateur)
2026-04-23 12:28:28 [INFO] Executing history query for user: 480442t, page: 0, limit: 10
2026-04-23 12:28:28 [INFO] Executing history query for user: 480442t, page: 0, limit: 10
2026-04-23 12:28:28 [INFO] History retrieval successful: 7 records
2026-04-23 12:28:29 [INFO] History retrieval successful: 7 records
2026-04-23 12:29:14 [INFO] Executing command: C:\Users\HP 820 G3\Desktop\DOUANES CI\CONVOCATION\.venv\Scripts\python.exe convocation_mysql.py --num_convoc 0008 --cc... for user 480442t
2026-04-23 12:29:31 [INFO] Generation process returncode: 0
2026-04-23 12:29:31 [INFO] Generation stdout: OK : output\Convocation_TR_2026_0008.pdf

2026-04-23 12:29:31 [WARNING] Generation stderr: INFO:root:[PDF] Converting output\Convocation_TR_2026_0008.docx \u2192 output\Convocation_TR_2026_0008.pdf
INFO:root:[PDF\u2713] LibreOffice found: C:\Program Files\LibreOffice\program\soffice.exe
INFO:root:[PDF] Executing command: C:\Program Files\LibreOffice\program\soffice.exe --headless --norestore --convert-to pdf:writer_pdf_Export --outdir output output\Convocation_TR_2026_0008.docx
INFO:root:[PDF] Command exit code: 1
WARNING:root:[PDF\u2717] LO failed (code 1): Error: source file could not be loaded

INFO:root:[PDF\u2713] Word success: output\Convocation_TR_2026_0008.pdf
INFO:root:PDF generated: output\Convocation_TR_2026_0008.pdf
INFO:root:DOCX removed: output\Convocation_TR_2026_0008.docx

2026-04-23 12:29:31 [INFO] Generated 1 file(s): ['Convocation_TR_2026_0008.pdf']
2026-04-23 12:29:33 [INFO] PDF generated: 1 file(s) for user 480442t
2026-04-23 12:33:01 [INFO] Executing command: C:\Users\HP 820 G3\Desktop\DOUANES CI\CONVOCATION\.venv\Scripts\python.exe convocation_mysql.py --num_convoc 0009 --cc... for user 480442t
2026-04-23 12:33:19 [INFO] Generation process returncode: 0
2026-04-23 12:33:19 [INFO] Generation stdout: OK : output\Convocation_TR_2026_0009.pdf

2026-04-23 12:33:19 [WARNING] Generation stderr: INFO:root:[PDF] Converting output\Convocation_TR_2026_0009.docx \u2192 output\Convocation_TR_2026_0009.pdf
INFO:root:[PDF\u2713] LibreOffice found: C:\Program Files\LibreOffice\program\soffice.exe
INFO:root:[PDF] Executing command: C:\Program Files\LibreOffice\program\soffice.exe --headless --norestore --convert-to pdf:writer_pdf_Export --outdir output output\Convocation_TR_2026_0009.docx
INFO:root:[PDF] Command exit code: 1
WARNING:root:[PDF\u2717] LO failed (code 1): Error: source file could not be loaded

INFO:root:[PDF\u2713] Word success: output\Convocation_TR_2026_0009.pdf
INFO:root:PDF generated: output\Convocation_TR_2026_0009.pdf
INFO:root:DOCX removed: output\Convocation_TR_2026_0009.docx

2026-04-23 12:33:19 [INFO] Generated 1 file(s): ['Convocation_TR_2026_0009.pdf']
2026-04-23 12:33:21 [INFO] PDF generated: 1 file(s) for user 480442t
2026-04-23 12:33:47 [INFO] Executing history query for user: 480442t, page: 0, limit: 10
2026-04-23 12:33:47 [INFO] History retrieval successful: 9 records
2026-04-23 12:33:47 [INFO] Executing history query for user: 480442t, page: 0, limit: 10
2026-04-23 12:33:47 [INFO] History retrieval successful: 9 records
2026-04-23 12:34:21 [INFO] User logged in: 398954D (Administrateur)
2026-04-23 12:34:24 [INFO] Executing history query for user: 398954D, page: 0, limit: 10
2026-04-23 12:34:24 [INFO] Executing history query for user: 398954D, page: 0, limit: 10
2026-04-23 12:34:24 [INFO] History retrieval successful: 10 records
2026-04-23 12:34:25 [INFO] History retrieval successful: 10 records
2026-04-23 12:34:53 [INFO] Convocation 67 approved by COULIBALY KARIM
2026-04-23 12:35:18 [INFO] User logged in: 480442t (Vérificateur)
2026-04-23 12:35:21 [INFO] Executing history query for user: 480442t, page: 0, limit: 10
2026-04-23 12:35:21 [INFO] Executing history query for user: 480442t, page: 0, limit: 10
2026-04-23 12:35:21 [INFO] History retrieval successful: 9 records
2026-04-23 12:35:21 [INFO] History retrieval successful: 9 records
2026-04-28 20:42:07 [INFO] [OK] MySQL database initialized successfully
2026-04-28 20:42:09 [INFO] Starting server on port 5000 (production: False)
2026-04-28 20:42:23 [INFO] [OK] MySQL database initialized successfully
2026-04-28 20:42:24 [INFO] Starting server on port 5000 (production: False)
2026-04-28 20:46:29 [INFO] [OK] MySQL database initialized successfully
2026-04-28 20:46:30 [INFO] Starting server on port 5000 (production: False)
2026-04-28 20:54:17 [INFO] [OK] MySQL database initialized successfully
2026-04-28 20:54:18 [INFO] Starting server on port 5000 (production: False)
2026-04-28 20:54:44 [INFO] [OK] MySQL database initialized successfully
2026-04-28 20:54:46 [INFO] Starting server on port 5000 (production: False)
2026-04-28 20:58:01 [INFO] [OK] MySQL database initialized successfully
2026-04-28 20:58:02 [INFO] Starting server on port 5000 (production: False)
2026-04-28 20:58:20 [INFO] [OK] MySQL database initialized successfully
2026-04-28 20:58:22 [INFO] Starting server on port 5000 (production: False)
2026-04-28 20:58:31 [INFO] User logged in: admin (Super Administrateur)
2026-04-28 20:58:41 [INFO] Executing history query for user: admin, page: 0, limit: 10
2026-04-28 20:58:41 [INFO] History retrieval successful: 9 records
2026-04-28 20:58:42 [INFO] Executing history query for user: admin, page: 0, limit: 10
2026-04-28 20:58:42 [INFO] History retrieval successful: 9 records
2026-04-28 21:20:19 [INFO] [OK] MySQL database initialized successfully
2026-04-28 21:20:20 [INFO] Starting server on port 5000 (production: False)
2026-04-28 21:20:35 [INFO] [OK] MySQL database initialized successfully
2026-04-28 21:20:37 [INFO] Starting server on port 5000 (production: False)
2026-04-28 21:20:42 [INFO] User logged in: info (Administrateur Technique)
2026-04-28 21:20:52 [INFO] Executing history query for user: info, page: 0, limit: 10
2026-04-28 21:20:52 [INFO] History retrieval successful: 9 records
2026-04-28 21:20:53 [INFO] Executing history query for user: info, page: 0, limit: 10
2026-04-28 21:20:53 [INFO] History retrieval successful: 9 records
2026-04-28 21:24:45 [WARNING] Failed login attempt for: info²info123
2026-04-28 21:25:03 [INFO] User logged in: info (Administrateur Technique)
2026-04-28 21:37:29 [INFO] User logged in: info (Administrateur Technique)
2026-04-28 21:39:19 [INFO] User logged in: info (Administrateur Technique)
2026-04-28 21:52:57 [INFO] Executing history query for user: info, page: 0, limit: 10
2026-04-28 21:52:57 [INFO] Executing history query for user: info, page: 0, limit: 10
2026-04-28 21:52:57 [INFO] History retrieval successful: 9 records
2026-04-28 21:52:57 [INFO] History retrieval successful: 9 records
2026-04-28 21:53:31 [INFO] User logged in: info (Administrateur Technique)
2026-04-28 21:53:35 [INFO] Executing history query for user: info, page: 0, limit: 10
2026-04-28 21:53:35 [INFO] Executing history query for user: info, page: 0, limit: 10
2026-04-28 21:53:36 [INFO] History retrieval successful: 9 records
2026-04-28 21:53:36 [INFO] History retrieval successful: 9 records
2026-04-28 21:54:23 [WARNING] Failed login attempt for: verif
2026-04-28 21:54:36 [WARNING] Failed login attempt for: verif
2026-04-28 21:54:52 [WARNING] Failed login attempt for: Test
2026-04-28 21:55:08 [INFO] User logged in: info (Administrateur Technique)
2026-04-28 21:55:53 [INFO] User logged in: 932913B (Vérificateur)
2026-04-28 22:01:43 [INFO] [OK] MySQL database initialized successfully
2026-04-28 22:01:44 [INFO] Starting server on port 5000 (production: False)
2026-04-28 22:03:16 [INFO] [OK] MySQL database initialized successfully
2026-04-28 22:03:17 [INFO] Starting server on port 5000 (production: False)
2026-04-28 22:03:38 [INFO] [OK] MySQL database initialized successfully
2026-04-28 22:03:39 [INFO] Starting server on port 5000 (production: False)
2026-04-28 22:05:27 [INFO] User logged in: info (Administrateur Technique)
2026-04-28 22:05:51 [INFO] User logged in: 824373Z (Vérificateur)
2026-04-28 22:10:42 [INFO] [OK] MySQL database initialized successfully
2026-04-28 22:10:43 [INFO] Starting server on port 5000 (production: False)
2026-04-28 22:10:55 [INFO] [OK] MySQL database initialized successfully
2026-04-28 22:10:56 [INFO] Starting server on port 5000 (production: False)
2026-04-28 22:15:17 [INFO] User logged in: 824373Z (Vérificateur)
2026-04-28 22:36:12 [INFO] User logged in: info (Administrateur Technique)
2026-04-28 22:36:18 [INFO] Executing history query for user: info, page: 0, limit: 10
2026-04-28 22:36:18 [INFO] History retrieval successful: 9 records
2026-04-28 22:36:18 [INFO] Executing history query for user: info, page: 0, limit: 10
2026-04-28 22:36:19 [INFO] History retrieval successful: 9 records
2026-04-28 22:37:14 [INFO] Executing history query for user: info, page: 0, limit: 10
2026-04-28 22:37:14 [INFO] History retrieval successful: 9 records
2026-04-28 22:37:15 [INFO] Executing history query for user: info, page: 0, limit: 10
2026-04-28 22:37:15 [INFO] History retrieval successful: 9 records
2026-04-28 22:37:56 [INFO] User logged in: 480442T (Vérificateur)
2026-04-28 22:38:04 [INFO] Executing history query for user: 480442T, page: 0, limit: 10
2026-04-28 22:38:04 [INFO] History retrieval successful: 4 records
2026-04-28 22:38:04 [INFO] Executing history query for user: 480442T, page: 0, limit: 10
2026-04-28 22:38:05 [INFO] History retrieval successful: 4 records
2026-04-28 22:38:50 [INFO] Executing command: C:\Users\HP 820 G3\Desktop\DOUANES CI\CONVOCATION\.venv\Scripts\python.exe convocation_mysql.py --num_convoc 0005 --cc... for user 480442T
2026-04-28 22:39:25 [INFO] Generation process returncode: 0
2026-04-28 22:39:25 [INFO] Generation stdout: OK : output\Convocation_TR_2026_0005.pdf

2026-04-28 22:39:25 [WARNING] Generation stderr: INFO:root:[PDF] Converting output\Convocation_TR_2026_0005.docx \u2192 output\Convocation_TR_2026_0005.pdf
INFO:root:[PDF\u2713] LibreOffice found: C:\Program Files\LibreOffice\program\soffice.exe
INFO:root:[PDF] Using absolute output_dir: C:\app\output | target: Convocation_TR_2026_0005.pdf
INFO:root:[PDF] DOCX file exists: output\Convocation_TR_2026_0005.docx
INFO:root:[PDF] Executing command: C:\Program Files\LibreOffice\program\soffice.exe --headless --norestore --convert-to pdf:writer_pdf_Export --outdir C:\app\output output\Convocation_TR_2026_0005.docx
INFO:root:[PDF] Command exit code: 1
WARNING:root:[PDF] stderr: Error: source file could not be loaded

ERROR:root:[PDF\u2717] PDF not created: output\Convocation_TR_2026_0005.pdf
ERROR:root:[PDF\u2717] LO command failed (code 1)
INFO:root:[PDF\u2713] Word success: output\Convocation_TR_2026_0005.pdf
INFO:root:PDF generated: output\Convocation_TR_2026_0005.pdf
INFO:root:DOCX removed: output\Convocation_TR_2026_0005.docx

2026-04-28 22:39:25 [INFO] Generated 1 file(s): ['Convocation_TR_2026_0005.pdf']
2026-04-28 22:39:27 [INFO] PDF generated: 1 file(s) for user 480442T
2026-04-28 22:39:46 [INFO] User logged in: info (Administrateur Technique)
2026-04-28 22:40:16 [INFO] User logged in: 398954D (Administrateur)
2026-04-28 22:40:22 [INFO] Executing history query for user: 398954D, page: 0, limit: 10
2026-04-28 22:40:23 [INFO] Executing history query for user: 398954D, page: 0, limit: 10
2026-04-28 22:40:23 [INFO] History retrieval successful: 10 records
2026-04-28 22:40:23 [INFO] History retrieval successful: 10 records
2026-04-28 22:41:04 [INFO] Convocation 82 approved by COULIBALY KARIM
2026-04-28 22:41:46 [INFO] User logged in: 480442T (Vérificateur)
2026-04-28 22:41:55 [INFO] Executing history query for user: 480442T, page: 0, limit: 10
2026-04-28 22:41:55 [INFO] History retrieval successful: 5 records
2026-04-28 22:41:56 [INFO] Executing history query for user: 480442T, page: 0, limit: 10
2026-04-28 22:41:56 [INFO] History retrieval successful: 5 records
